25-Sep-2023 21:01:23.836 警告 [main] org.apache.tomcat.util.digester.SetPropertiesRule.begin [SetPropertiesRule]{Server/Service/Engine/Host/Context} Setting property 'source' to 'org.eclipse.jst.jee.server:cirno1' did not find a matching property.
25-Sep-2023 21:01:23.853 信息 [main] org.apache.catalina.startup.VersionLoggerListener.log Server version:        Apache Tomcat/8.0.53
25-Sep-2023 21:01:23.853 信息 [main] org.apache.catalina.startup.VersionLoggerListener.log Server built:          Jun 29 2018 14:42:45 UTC
25-Sep-2023 21:01:23.854 信息 [main] org.apache.catalina.startup.VersionLoggerListener.log Server number:         8.0.53.0
25-Sep-2023 21:01:23.854 信息 [main] org.apache.catalina.startup.VersionLoggerListener.log OS Name:               Windows 10
25-Sep-2023 21:01:23.854 信息 [main] org.apache.catalina.startup.VersionLoggerListener.log OS Version:            10.0
25-Sep-2023 21:01:23.854 信息 [main] org.apache.catalina.startup.VersionLoggerListener.log Architecture:          amd64
25-Sep-2023 21:01:23.854 信息 [main] org.apache.catalina.startup.VersionLoggerListener.log Java Home:             C:\Program Files\Java\jdk-18.0.1.1
25-Sep-2023 21:01:23.854 信息 [main] org.apache.catalina.startup.VersionLoggerListener.log JVM Version:           18.0.1.1+2-6
25-Sep-2023 21:01:23.854 信息 [main] org.apache.catalina.startup.VersionLoggerListener.log JVM Vendor:            Oracle Corporation
25-Sep-2023 21:01:23.855 信息 [main] org.apache.catalina.startup.VersionLoggerListener.log CATALINA_BASE:         D:\企鹅\Java web\apache-tomcat-8.0.53
25-Sep-2023 21:01:23.855 信息 [main] org.apache.catalina.startup.VersionLoggerListener.log CATALINA_HOME:         D:\企鹅\Java web\apache-tomcat-8.0.53
25-Sep-2023 21:01:23.856 信息 [main] org.apache.catalina.startup.VersionLoggerListener.log Command line argument: --add-opens=java.base/java.lang=ALL-UNNAMED
25-Sep-2023 21:01:23.858 信息 [main] org.apache.catalina.startup.VersionLoggerListener.log Command line argument: --add-opens=java.base/java.io=ALL-UNNAMED
25-Sep-2023 21:01:23.858 信息 [main] org.apache.catalina.startup.VersionLoggerListener.log Command line argument: --add-opens=java.rmi/sun.rmi.transport=ALL-UNNAMED
25-Sep-2023 21:01:23.859 信息 [main] org.apache.catalina.startup.VersionLoggerListener.log Command line argument: -Djava.util.logging.config.file=D:\企鹅\Java web\apache-tomcat-8.0.53\conf\logging.properties
25-Sep-2023 21:01:23.859 信息 [main] org.apache.catalina.startup.VersionLoggerListener.log Command line argument: -Djava.util.logging.manager=org.apache.juli.ClassLoaderLogManager
25-Sep-2023 21:01:23.860 信息 [main] org.apache.catalina.startup.VersionLoggerListener.log Command line argument: -Djdk.tls.ephemeralDHKeySize=2048
25-Sep-2023 21:01:23.861 信息 [main] org.apache.catalina.startup.VersionLoggerListener.log Command line argument: -Djava.protocol.handler.pkgs=org.apache.catalina.webresources
25-Sep-2023 21:01:23.862 信息 [main] org.apache.catalina.startup.VersionLoggerListener.log Command line argument: -Dignore.endorsed.dirs=
25-Sep-2023 21:01:23.862 信息 [main] org.apache.catalina.startup.VersionLoggerListener.log Command line argument: -Dcatalina.base=D:\企鹅\Java web\apache-tomcat-8.0.53
25-Sep-2023 21:01:23.863 信息 [main] org.apache.catalina.startup.VersionLoggerListener.log Command line argument: -Dcatalina.home=D:\企鹅\Java web\apache-tomcat-8.0.53
25-Sep-2023 21:01:23.863 信息 [main] org.apache.catalina.startup.VersionLoggerListener.log Command line argument: -Djava.io.tmpdir=D:\企鹅\Java web\apache-tomcat-8.0.53\temp
25-Sep-2023 21:01:23.864 信息 [main] org.apache.catalina.core.AprLifecycleListener.lifecycleEvent Loaded APR based Apache Tomcat Native library 1.2.17 using APR version 1.6.3.
25-Sep-2023 21:01:23.864 信息 [main] org.apache.catalina.core.AprLifecycleListener.lifecycleEvent APR capabilities: IPv6 [true], sendfile [true], accept filters [false], random [true].
25-Sep-2023 21:01:24.666 信息 [main] org.apache.catalina.core.AprLifecycleListener.initializeSSL OpenSSL successfully initialized (OpenSSL 1.0.2o  27 Mar 2018)
25-Sep-2023 21:01:24.710 信息 [main] org.apache.coyote.AbstractProtocol.init Initializing ProtocolHandler ["http-apr-8080"]
25-Sep-2023 21:01:24.719 信息 [main] org.apache.coyote.AbstractProtocol.init Initializing ProtocolHandler ["ajp-apr-8009"]
25-Sep-2023 21:01:24.720 信息 [main] org.apache.catalina.startup.Catalina.load Initialization processed in 1318 ms
25-Sep-2023 21:01:24.755 信息 [main] org.apache.catalina.core.StandardService.startInternal Starting service Catalina
25-Sep-2023 21:01:24.755 信息 [main] org.apache.catalina.core.StandardEngine.startInternal Starting Servlet Engine: Apache Tomcat/8.0.53
25-Sep-2023 21:01:25.114 信息 [localhost-startStop-1] org.apache.catalina.startup.HostConfig.deployDirectory Deploying web application directory D:\企鹅\Java web\apache-tomcat-8.0.53\webapps\docs
25-Sep-2023 21:01:25.142 信息 [localhost-startStop-1] org.apache.catalina.startup.HostConfig.deployDirectory Deployment of web application directory D:\企鹅\Java web\apache-tomcat-8.0.53\webapps\docs has finished in 28 ms
25-Sep-2023 21:01:25.143 信息 [localhost-startStop-1] org.apache.catalina.startup.HostConfig.deployDirectory Deploying web application directory D:\企鹅\Java web\apache-tomcat-8.0.53\webapps\examples
25-Sep-2023 21:01:25.612 信息 [localhost-startStop-1] org.apache.catalina.startup.HostConfig.deployDirectory Deployment of web application directory D:\企鹅\Java web\apache-tomcat-8.0.53\webapps\examples has finished in 468 ms
25-Sep-2023 21:01:25.612 信息 [localhost-startStop-1] org.apache.catalina.startup.HostConfig.deployDirectory Deploying web application directory D:\企鹅\Java web\apache-tomcat-8.0.53\webapps\host-manager
25-Sep-2023 21:01:25.653 信息 [localhost-startStop-1] org.apache.catalina.startup.HostConfig.deployDirectory Deployment of web application directory D:\企鹅\Java web\apache-tomcat-8.0.53\webapps\host-manager has finished in 41 ms
25-Sep-2023 21:01:25.653 信息 [localhost-startStop-1] org.apache.catalina.startup.HostConfig.deployDirectory Deploying web application directory D:\企鹅\Java web\apache-tomcat-8.0.53\webapps\manager
25-Sep-2023 21:01:25.688 信息 [localhost-startStop-1] org.apache.catalina.startup.HostConfig.deployDirectory Deployment of web application directory D:\企鹅\Java web\apache-tomcat-8.0.53\webapps\manager has finished in 35 ms
25-Sep-2023 21:01:25.689 信息 [localhost-startStop-1] org.apache.catalina.startup.HostConfig.deployDirectory Deploying web application directory D:\企鹅\Java web\apache-tomcat-8.0.53\webapps\ROOT
25-Sep-2023 21:01:25.718 信息 [localhost-startStop-1] org.apache.catalina.startup.HostConfig.deployDirectory Deployment of web application directory D:\企鹅\Java web\apache-tomcat-8.0.53\webapps\ROOT has finished in 28 ms
25-Sep-2023 21:01:25.721 信息 [main] org.apache.coyote.AbstractProtocol.start Starting ProtocolHandler ["http-apr-8080"]
25-Sep-2023 21:01:25.733 信息 [main] org.apache.coyote.AbstractProtocol.start Starting ProtocolHandler ["ajp-apr-8009"]
25-Sep-2023 21:01:25.736 信息 [main] org.apache.catalina.startup.Catalina.start Server startup in 1013 ms
25-Sep-2023 21:02:49.472 严重 [main] org.apache.catalina.startup.Catalina.stopServer Could not contact localhost:8005. Tomcat may not be running.
