19-Sep-2023 15:23:01.738 警告 [main] org.apache.tomcat.util.digester.SetPropertiesRule.begin [SetPropertiesRule]{Server/Service/Engine/Host/Context} Setting property 'source' to 'org.eclipse.jst.jee.server:cirno1' did not find a matching property.
19-Sep-2023 15:23:01.761 信息 [main] org.apache.catalina.startup.VersionLoggerListener.log Server version:        Apache Tomcat/8.0.53
19-Sep-2023 15:23:01.761 信息 [main] org.apache.catalina.startup.VersionLoggerListener.log Server built:          Jun 29 2018 14:42:45 UTC
19-Sep-2023 15:23:01.762 信息 [main] org.apache.catalina.startup.VersionLoggerListener.log Server number:         8.0.53.0
19-Sep-2023 15:23:01.762 信息 [main] org.apache.catalina.startup.VersionLoggerListener.log OS Name:               Windows 10
19-Sep-2023 15:23:01.762 信息 [main] org.apache.catalina.startup.VersionLoggerListener.log OS Version:            10.0
19-Sep-2023 15:23:01.763 信息 [main] org.apache.catalina.startup.VersionLoggerListener.log Architecture:          amd64
19-Sep-2023 15:23:01.763 信息 [main] org.apache.catalina.startup.VersionLoggerListener.log Java Home:             C:\Program Files\Java\jdk-18.0.1.1
19-Sep-2023 15:23:01.763 信息 [main] org.apache.catalina.startup.VersionLoggerListener.log JVM Version:           18.0.1.1+2-6
19-Sep-2023 15:23:01.764 信息 [main] org.apache.catalina.startup.VersionLoggerListener.log JVM Vendor:            Oracle Corporation
19-Sep-2023 15:23:01.764 信息 [main] org.apache.catalina.startup.VersionLoggerListener.log CATALINA_BASE:         D:\企鹅\Java web\apache-tomcat-8.0.53
19-Sep-2023 15:23:01.764 信息 [main] org.apache.catalina.startup.VersionLoggerListener.log CATALINA_HOME:         D:\企鹅\Java web\apache-tomcat-8.0.53
19-Sep-2023 15:23:01.765 信息 [main] org.apache.catalina.startup.VersionLoggerListener.log Command line argument: --add-opens=java.base/java.lang=ALL-UNNAMED
19-Sep-2023 15:23:01.766 信息 [main] org.apache.catalina.startup.VersionLoggerListener.log Command line argument: --add-opens=java.base/java.io=ALL-UNNAMED
19-Sep-2023 15:23:01.766 信息 [main] org.apache.catalina.startup.VersionLoggerListener.log Command line argument: --add-opens=java.rmi/sun.rmi.transport=ALL-UNNAMED
19-Sep-2023 15:23:01.766 信息 [main] org.apache.catalina.startup.VersionLoggerListener.log Command line argument: -Djava.util.logging.config.file=D:\企鹅\Java web\apache-tomcat-8.0.53\conf\logging.properties
19-Sep-2023 15:23:01.767 信息 [main] org.apache.catalina.startup.VersionLoggerListener.log Command line argument: -Djava.util.logging.manager=org.apache.juli.ClassLoaderLogManager
19-Sep-2023 15:23:01.769 信息 [main] org.apache.catalina.startup.VersionLoggerListener.log Command line argument: -Djdk.tls.ephemeralDHKeySize=2048
19-Sep-2023 15:23:01.770 信息 [main] org.apache.catalina.startup.VersionLoggerListener.log Command line argument: -Djava.protocol.handler.pkgs=org.apache.catalina.webresources
19-Sep-2023 15:23:01.771 信息 [main] org.apache.catalina.startup.VersionLoggerListener.log Command line argument: -Dignore.endorsed.dirs=
19-Sep-2023 15:23:01.771 信息 [main] org.apache.catalina.startup.VersionLoggerListener.log Command line argument: -Dcatalina.base=D:\企鹅\Java web\apache-tomcat-8.0.53
19-Sep-2023 15:23:01.772 信息 [main] org.apache.catalina.startup.VersionLoggerListener.log Command line argument: -Dcatalina.home=D:\企鹅\Java web\apache-tomcat-8.0.53
19-Sep-2023 15:23:01.773 信息 [main] org.apache.catalina.startup.VersionLoggerListener.log Command line argument: -Djava.io.tmpdir=D:\企鹅\Java web\apache-tomcat-8.0.53\temp
19-Sep-2023 15:23:01.774 信息 [main] org.apache.catalina.core.AprLifecycleListener.lifecycleEvent Loaded APR based Apache Tomcat Native library 1.2.17 using APR version 1.6.3.
19-Sep-2023 15:23:01.775 信息 [main] org.apache.catalina.core.AprLifecycleListener.lifecycleEvent APR capabilities: IPv6 [true], sendfile [true], accept filters [false], random [true].
19-Sep-2023 15:23:02.875 信息 [main] org.apache.catalina.core.AprLifecycleListener.initializeSSL OpenSSL successfully initialized (OpenSSL 1.0.2o  27 Mar 2018)
19-Sep-2023 15:23:02.950 信息 [main] org.apache.coyote.AbstractProtocol.init Initializing ProtocolHandler ["http-apr-8080"]
19-Sep-2023 15:23:02.965 信息 [main] org.apache.coyote.AbstractProtocol.init Initializing ProtocolHandler ["ajp-apr-8009"]
19-Sep-2023 15:23:02.970 信息 [main] org.apache.catalina.startup.Catalina.load Initialization processed in 2488 ms
19-Sep-2023 15:23:03.030 信息 [main] org.apache.catalina.core.StandardService.startInternal Starting service Catalina
19-Sep-2023 15:23:03.030 信息 [main] org.apache.catalina.core.StandardEngine.startInternal Starting Servlet Engine: Apache Tomcat/8.0.53
19-Sep-2023 15:23:03.527 信息 [localhost-startStop-1] org.apache.catalina.startup.HostConfig.deployDirectory Deploying web application directory D:\企鹅\Java web\apache-tomcat-8.0.53\webapps\docs
19-Sep-2023 15:23:03.562 信息 [localhost-startStop-1] org.apache.catalina.startup.HostConfig.deployDirectory Deployment of web application directory D:\企鹅\Java web\apache-tomcat-8.0.53\webapps\docs has finished in 34 ms
19-Sep-2023 15:23:03.562 信息 [localhost-startStop-1] org.apache.catalina.startup.HostConfig.deployDirectory Deploying web application directory D:\企鹅\Java web\apache-tomcat-8.0.53\webapps\examples
19-Sep-2023 15:23:04.182 信息 [localhost-startStop-1] org.apache.catalina.startup.HostConfig.deployDirectory Deployment of web application directory D:\企鹅\Java web\apache-tomcat-8.0.53\webapps\examples has finished in 620 ms
19-Sep-2023 15:23:04.183 信息 [localhost-startStop-1] org.apache.catalina.startup.HostConfig.deployDirectory Deploying web application directory D:\企鹅\Java web\apache-tomcat-8.0.53\webapps\host-manager
19-Sep-2023 15:23:04.238 信息 [localhost-startStop-1] org.apache.catalina.startup.HostConfig.deployDirectory Deployment of web application directory D:\企鹅\Java web\apache-tomcat-8.0.53\webapps\host-manager has finished in 54 ms
19-Sep-2023 15:23:04.238 信息 [localhost-startStop-1] org.apache.catalina.startup.HostConfig.deployDirectory Deploying web application directory D:\企鹅\Java web\apache-tomcat-8.0.53\webapps\manager
19-Sep-2023 15:23:04.286 信息 [localhost-startStop-1] org.apache.catalina.startup.HostConfig.deployDirectory Deployment of web application directory D:\企鹅\Java web\apache-tomcat-8.0.53\webapps\manager has finished in 48 ms
19-Sep-2023 15:23:04.287 信息 [localhost-startStop-1] org.apache.catalina.startup.HostConfig.deployDirectory Deploying web application directory D:\企鹅\Java web\apache-tomcat-8.0.53\webapps\ROOT
19-Sep-2023 15:23:04.323 信息 [localhost-startStop-1] org.apache.catalina.startup.HostConfig.deployDirectory Deployment of web application directory D:\企鹅\Java web\apache-tomcat-8.0.53\webapps\ROOT has finished in 36 ms
19-Sep-2023 15:23:04.327 信息 [main] org.apache.coyote.AbstractProtocol.start Starting ProtocolHandler ["http-apr-8080"]
19-Sep-2023 15:23:04.341 信息 [main] org.apache.coyote.AbstractProtocol.start Starting ProtocolHandler ["ajp-apr-8009"]
19-Sep-2023 15:23:04.348 信息 [main] org.apache.catalina.startup.Catalina.start Server startup in 1373 ms
